Surfacer V7.0 (Mar 20 1997) log file  pid 10468
Created by kanai (Takashi Kanai) on Tue Dec  9 10:25:45 1997
 

Current directory: "/kanaihome/kanai/work/gmorph/data.v2.0/dc"
Using FlexLM license manager
Connected to X display: :0.0
Graphics display is on local machine
Default Visual Information:
  visual id:    0x20
  class:    PseudoColor
  depth:    8
  available colormap entries:    256
  red, green, blue masks: 0x0 0x0 0x0
  significant bits in color specification:    8
  # of colormaps suported Min: 1  Max 19
  number of free color cells: 0
GLX Visual Candidate for Graphics:
  visual id:    0x2b
  class:    TrueColor
  depth:    15
  available colormap entries:    32
  red, green, blue masks: 0x1f 0x3e0 0x7c00
  significant bits in color specification:    8
  OpenGL vendor is: SGI
  Display renderer: IMPACT/2/1/1

>>> Graphics display options in effect:
    Using GL/OpenGL for rendering
    Using OpenGL for raster saves
    Allocating new colormap for graphics
    Overlay visual ID 0x23, depth 8   background_pixel 0, colormap 680000b
    Using X Overlay
    OpenGL visual ID is: 0x2b
    RGBA present
XGetVisualInfo failed
    This OpenGL supports texture mapping
*Imageware 1 3 4 5 6 7 9 10 11 13 14 15
Using message file: "/shako0/surfacer70/lib/iware.msg"
Using menu file "/shako0/surfacer70/lib/surfacer.mnu"
Expiration date is 15-apr-1999
